named clips to work on: 1692
  left to do: 1692
reader up, ears up: large-v3
  25/1692  fixed 17, confirmed 0, replaced 5, forced 0, unstable 3
  50/1692  fixed 34, confirmed 0, replaced 10, forced 0, unstable 6
  75/1692  fixed 52, confirmed 0, replaced 15, forced 0, unstable 8
  100/1692  fixed 71, confirmed 0, replaced 21, forced 0, unstable 8
  125/1692  fixed 90, confirmed 0, replaced 25, forced 0, unstable 10
  150/1692  fixed 108, confirmed 0, replaced 31, forced 0, unstable 11
  175/1692  fixed 125, confirmed 0, replaced 36, forced 0, unstable 14
  ! 'Tarjin': ReadError
  200/1692  fixed 140, confirmed 0, replaced 44, forced 0, unstable 15
  225/1692  fixed 156, confirmed 0, replaced 50, forced 0, unstable 18
  250/1692  fixed 180, confirmed 0, replaced 50, forced 0, unstable 19
  275/1692  fixed 200, confirmed 1, replaced 52, forced 0, unstable 21
  300/1692  fixed 217, confirmed 1, replaced 56, forced 0, unstable 25
  325/1692  fixed 236, confirmed 1, replaced 61, forced 0, unstable 26
  350/1692  fixed 256, confirmed 1, replaced 65, forced 0, unstable 27
  375/1692  fixed 278, confirmed 1, replaced 65, forced 0, unstable 30
  400/1692  fixed 297, confirmed 1, replaced 69, forced 0, unstable 32
  425/1692  fixed 313, confirmed 1, replaced 72, forced 0, unstable 38
  450/1692  fixed 334, confirmed 1, replaced 75, forced 0, unstable 39
  475/1692  fixed 355, confirmed 1, replaced 77, forced 0, unstable 41
  500/1692  fixed 376, confirmed 1, replaced 80, forced 0, unstable 42
  525/1692  fixed 395, confirmed 1, replaced 83, forced 0, unstable 45
  550/1692  fixed 418, confirmed 1, replaced 85, forced 0, unstable 45
  575/1692  fixed 441, confirmed 1, replaced 86, forced 0, unstable 46
  600/1692  fixed 461, confirmed 1, replaced 88, forced 0, unstable 49
  625/1692  fixed 481, confirmed 1, replaced 92, forced 0, unstable 50
  650/1692  fixed 499, confirmed 1, replaced 97, forced 0, unstable 52
  675/1692  fixed 520, confirmed 1, replaced 99, forced 0, unstable 54
  700/1692  fixed 538, confirmed 1, replaced 104, forced 0, unstable 56
  725/1692  fixed 559, confirmed 1, replaced 106, forced 0, unstable 58
  750/1692  fixed 579, confirmed 1, replaced 110, forced 0, unstable 59
  775/1692  fixed 601, confirmed 1, replaced 112, forced 0, unstable 60
  800/1692  fixed 621, confirmed 1, replaced 116, forced 0, unstable 61
  825/1692  fixed 640, confirmed 1, replaced 118, forced 0, unstable 65
  850/1692  fixed 659, confirmed 1, replaced 123, forced 0, unstable 66
  875/1692  fixed 680, confirmed 1, replaced 126, forced 0, unstable 67
  900/1692  fixed 701, confirmed 1, replaced 128, forced 0, unstable 69
  925/1692  fixed 722, confirmed 1, replaced 132, forced 0, unstable 69
  950/1692  fixed 743, confirmed 2, replaced 134, forced 0, unstable 70
  975/1692  fixed 759, confirmed 2, replaced 139, forced 0, unstable 74
  1000/1692  fixed 774, confirmed 2, replaced 145, forced 0, unstable 78
  1025/1692  fixed 795, confirmed 2, replaced 148, forced 0, unstable 79
  1050/1692  fixed 813, confirmed 2, replaced 154, forced 0, unstable 80
  1075/1692  fixed 837, confirmed 2, replaced 154, forced 0, unstable 81
  1100/1692  fixed 857, confirmed 2, replaced 157, forced 0, unstable 83
  1125/1692  fixed 873, confirmed 2, replaced 162, forced 0, unstable 87
  1150/1692  fixed 889, confirmed 2, replaced 167, forced 0, unstable 91
  1175/1692  fixed 910, confirmed 2, replaced 170, forced 0, unstable 92
  1200/1692  fixed 930, confirmed 2, replaced 173, forced 0, unstable 94
  1225/1692  fixed 945, confirmed 2, replaced 181, forced 0, unstable 96
  1250/1692  fixed 966, confirmed 2, replaced 184, forced 0, unstable 97
  1275/1692  fixed 986, confirmed 2, replaced 189, forced 0, unstable 97
  1300/1692  fixed 1006, confirmed 2, replaced 193, forced 0, unstable 98
  1325/1692  fixed 1027, confirmed 3, replaced 196, forced 0, unstable 98
  1350/1692  fixed 1044, confirmed 3, replaced 202, forced 0, unstable 100
  1375/1692  fixed 1064, confirmed 3, replaced 204, forced 0, unstable 103
  1400/1692  fixed 1086, confirmed 3, replaced 206, forced 0, unstable 104
  1425/1692  fixed 1103, confirmed 3, replaced 210, forced 0, unstable 108
  1450/1692  fixed 1120, confirmed 3, replaced 214, forced 0, unstable 112
  1475/1692  fixed 1142, confirmed 3, replaced 217, forced 0, unstable 112
  1500/1692  fixed 1164, confirmed 4, replaced 218, forced 0, unstable 113
  1525/1692  fixed 1187, confirmed 4, replaced 218, forced 0, unstable 115
  1550/1692  fixed 1207, confirmed 4, replaced 220, forced 0, unstable 118
  1575/1692  fixed 1222, confirmed 4, replaced 227, forced 0, unstable 121
  1600/1692  fixed 1242, confirmed 4, replaced 229, forced 0, unstable 124
  1625/1692  fixed 1259, confirmed 4, replaced 234, forced 0, unstable 127
  1650/1692  fixed 1278, confirmed 4, replaced 239, forced 0, unstable 128
  1675/1692  fixed 1297, confirmed 4, replaced 243, forced 0, unstable 130
  1692/1692  fixed 1312, confirmed 4, replaced 244, forced 0, unstable 131

fixed      1312  (a take cleared the full bar)
confirmed  4  (reader stable, clip on disk already says it)
replaced   244  (reader stable, clip on disk did not match)
forced     0  (was rambling on disk, shortest steady take written)
unstable   131  (reader varies, but the clip on disk does not ramble)
failed     1
report written to /tmp/round2.jsonl
